// Bun Snapshot v1, https://bun.sh/docs/test/snapshots

exports[`App matches initial snapshot 1`] = `
"                                                                                
 ╭────────────────────────────────────────────────────────────────────────────╮ 
 │                                                                            │ 
 │ ⚡ kiro-wiz                                                                │ 
 │  — Kiro Ecosystem Wizard                                                   │ 
 │                                                                            │ 
 ╰────────────────────────────────────────────────────────────────────────────╯ 
                                                                                
   ↑↓ navigate · Enter select · Ctrl+C quit                                     
                                                                                
 ╭────────────────────────────────────────────────────────────────────────────╮ 
 │ ▶ 🔧  Scaffold                                                             │ 
 │   Create a new Kiro tool                                                   │ 
 │   🔍  Audit                                                                │ 
 │   Audit workspace for best practices                                       │ 
 │   🔄  Sync KB                                                              │ 
 │   Sync knowledge base from kiro.dev                                        │ 
 │   📖  Query KB                                                             │ 
 │   Search the knowledge base                                                │ 
 │   💡  Recommend                                                            │ 
 │   Get tool recommendations                                                 │ 
 │   ✅  Validate                                                             │ 
 │   Validate a config file                                                   │ 
 │   🚪  Exit                                                                 │ 
 │   Quit kiro-wiz                                                            │ 
 │                                                                            │ 
 │                                                                            │ 
 ╰────────────────────────────────────────────────────────────────────────────╯ 
                                                                                
                                                                                
"
`;
