// Bun Snapshot v1, https://bun.sh/docs/test/snapshots

exports[`RecommendScreen matches snapshot 1`] = `
"                                                                                
 💡 Recommend                                                                   
  — Describe your use case                                                      
                                                                                
   ESC to go back                                                               
                                                                                
 ╭─Use case─────────────────────────────────────────────────╮                   
 │e.g. enforce code review standards...                     │                   
 ╰──────────────────────────────────────────────────────────╯                   
                                                                                
                                                                                
                                                                                
                                                                                
                                                                                
                                                                                
                                                                                
                                                                                
                                                                                
                                                                                
                                                                                
"
`;
