// Bun Snapshot v1, https://bun.sh/docs/test/snapshots

exports[`ScaffoldScreen matches snapshot for type step 1`] = `
"                                                                                
 🔧 Scaffold                                                                    
  — Select tool type                                                            
                                                                                
  ESC to go back                                                                
                                                                                
 ╭────────────────────────────────────────────────────────────────────────────╮ 
 │ ▶ spec                                                                     │ 
 │   Scaffold a spec                                                          │ 
 │   hook                                                                     │ 
 │   Scaffold a hook                                                          │ 
 │   steering-doc                                                             │ 
 │   Scaffold a steering-doc                                                  │ 
 │   skill                                                                    │ 
 │   Scaffold a skill                                                         │ 
 │   power                                                                    │ 
 │   Scaffold a power                                                         │ 
 │   mcp-server                                                               │ 
 │   Scaffold a mcp-server                                                    │ 
 ╰────────────────────────────────────────────────────────────────────────────╯ 
                                                                                
                                                                                
                                                                                
                                                                                
                                                                                
                                                                                
                                                                                
                                                                                
                                                                                
                                                                                
"
`;
