// Bun Snapshot v1, https://bun.sh/docs/test/snapshots

exports[`ValidateScreen matches snapshot 1`] = `
"                                                                                
 ✅ Validate                                                                    
  — Check a Kiro config file                                                    
                                                                                
  ESC to go back                                                                
                                                                                
 ╭─File path────────────────────────────────────────────────╮                   
 │.kiro/agents/my-agent.json                                │                   
 ╰──────────────────────────────────────────────────────────╯                   
                                                                                
                                                                                
                                                                                
                                                                                
                                                                                
                                                                                
                                                                                
                                                                                
                                                                                
                                                                                
                                                                                
"
`;
